test_cancel_discards_old_key (test_credentials.CredentialTests.test_cancel_discards_old_key) ... ok
test_clear_disables_live_without_resetting_accounting (test_credentials.CredentialTests.test_clear_disables_live_without_resetting_accounting) ... ok
test_cleared_key_does_not_fall_back_to_environment (test_credentials.CredentialTests.test_cleared_key_does_not_fall_back_to_environment) ... ok
test_empty_input_keeps_offline (test_credentials.CredentialTests.test_empty_input_keeps_offline) ... ok
test_entered_key_explicitly_selects_live_without_network (test_credentials.CredentialTests.test_entered_key_explicitly_selects_live_without_network) ... ok
test_invalid_keys_fail_closed (test_credentials.CredentialTests.test_invalid_keys_fail_closed) ... ok
test_logo_bytes_match_verified_upstream (test_credentials.CredentialTests.test_logo_bytes_match_verified_upstream) ... ok
test_memory_key_not_written_to_environment (test_credentials.CredentialTests.test_memory_key_not_written_to_environment) ... ok
test_no_plaintext_getpass_fallback (test_credentials.CredentialTests.test_no_plaintext_getpass_fallback) ... ok
test_normal_reader_uses_getpass (test_credentials.CredentialTests.test_normal_reader_uses_getpass) ... ok
test_plain_setter_does_not_authorize_live (test_credentials.CredentialTests.test_plain_setter_does_not_authorize_live) ... ok
test_portable_logo_and_no_saved_widget_secret_state (test_credentials.CredentialTests.test_portable_logo_and_no_saved_widget_secret_state) ... ok
test_reentry_preserves_usage_and_ledger (test_credentials.CredentialTests.test_reentry_preserves_usage_and_ledger) ... ok
test_session_key_reaches_auth_header_not_logs_or_payload (test_credentials.CredentialTests.test_session_key_reaches_auth_header_not_logs_or_payload) ... ok
test_bad_probabilities_rejected (test_learning_lab.ContractTests.test_bad_probabilities_rejected) ... ok
test_budget_stops_without_fallback (test_learning_lab.ContractTests.test_budget_stops_without_fallback) ... ok
test_byte_guard (test_learning_lab.ContractTests.test_byte_guard) ... ok
test_choice_limit (test_learning_lab.ContractTests.test_choice_limit) ... ok
test_default_is_offline (test_learning_lab.ContractTests.test_default_is_offline) ... ok
test_distribution_total_rejected (test_learning_lab.ContractTests.test_distribution_total_rejected) ... ok
test_fixture_never_in_payload (test_learning_lab.ContractTests.test_fixture_never_in_payload) ... ok
test_http_error_is_sanitized (test_learning_lab.ContractTests.test_http_error_is_sanitized) ... ok
test_invalid_key_is_not_sent (test_learning_lab.ContractTests.test_invalid_key_is_not_sent) ... ok
test_live_requires_explicit_consent (test_learning_lab.ContractTests.test_live_requires_explicit_consent) ... ok
test_low_confidence_abstains (test_learning_lab.ContractTests.test_low_confidence_abstains) ... ok
test_missing_answer_rejected (test_learning_lab.ContractTests.test_missing_answer_rejected) ... ok
test_missing_fixture_rejected (test_learning_lab.ContractTests.test_missing_fixture_rejected) ... ok
test_nonmaximum_choice_rejected (test_learning_lab.ContractTests.test_nonmaximum_choice_rejected) ... ok
test_noul_probability_contract (test_learning_lab.ContractTests.test_noul_probability_contract) ... ok
test_provider_error_never_becomes_fixture (test_learning_lab.ContractTests.test_provider_error_never_becomes_fixture) ... ok
test_resolved_model_mismatch_rejected (test_learning_lab.ContractTests.test_resolved_model_mismatch_rejected) ... ok
test_score_expected_value_and_legend (test_learning_lab.ContractTests.test_score_expected_value_and_legend) ... ok
test_score_level_limits (test_learning_lab.ContractTests.test_score_level_limits) ... ok
test_unknown_answer_id_rejected (test_learning_lab.ContractTests.test_unknown_answer_id_rejected) ... ok
test_unknown_choice_rejected (test_learning_lab.ContractTests.test_unknown_choice_rejected) ... ok
test_wire_request_shape_with_fake_transport (test_learning_lab.ContractTests.test_wire_request_shape_with_fake_transport) ... ok
test_2048_no_double_merges (test_learning_lab.NotebookDomainTests.test_2048_no_double_merges) ... ok
test_capstone_never_executes (test_learning_lab.NotebookDomainTests.test_capstone_never_executes) ... ok
test_checkers_crowning_ends_capture (test_learning_lab.NotebookDomainTests.test_checkers_crowning_ends_capture) ... ok
test_checkers_mandatory_complete_capture (test_learning_lab.NotebookDomainTests.test_checkers_mandatory_complete_capture) ... ok
test_complete_offline_run (test_learning_lab.NotebookDomainTests.test_complete_offline_run) ... ok
test_dependency_cycle_detected (test_learning_lab.NotebookDomainTests.test_dependency_cycle_detected) ... ok
test_graph_retraction (test_learning_lab.NotebookDomainTests.test_graph_retraction) ... ok
test_metrics_missing_is_not_negative (test_learning_lab.NotebookDomainTests.test_metrics_missing_is_not_negative) ... ok
test_no_accepted_cases_has_undefined_risk (test_learning_lab.NotebookDomainTests.test_no_accepted_cases_has_undefined_risk) ... ok
test_no_forbidden_tool_selected (test_learning_lab.NotebookDomainTests.test_no_forbidden_tool_selected) ... ok
test_review_cannot_authorize (test_learning_lab.NotebookDomainTests.test_review_cannot_authorize) ... ok
test_review_threshold_rejected (test_learning_lab.NotebookDomainTests.test_review_threshold_rejected) ... ok
test_runtime_is_self_contained (test_learning_lab.NotebookDomainTests.test_runtime_is_self_contained) ... ok
test_stale_world_rejected (test_learning_lab.NotebookDomainTests.test_stale_world_rejected) ... ok
test_synthetic_values_not_sent_as_gold (test_learning_lab.NotebookDomainTests.test_synthetic_values_not_sent_as_gold) ... ok
test_tamper_detection (test_learning_lab.NotebookDomainTests.test_tamper_detection) ... ok
test_tictactoe_reference_draw (test_learning_lab.NotebookDomainTests.test_tictactoe_reference_draw) ... ok
test_tictactoe_rejects_wrong_turn (test_learning_lab.NotebookDomainTests.test_tictactoe_rejects_wrong_turn) ... ok
test_tictactoe_replay_after_json_roundtrip (test_learning_lab.NotebookDomainTests.test_tictactoe_replay_after_json_roundtrip) ... ok

----------------------------------------------------------------------
Ran 55 tests in 2.096s

OK
